// Jest Snapshot v1, https://goo.gl/fbAQLP

exports[`Should properly render style component 1`] = `null`;
